/** Begin line maps. **/{ "file" : "/Users/dturnbull/rails/googlyscript/scripts/demos/compiler.map", "count": 1 }
[2,2,2,2,2,2,1,1,1,1,1,1,1,1,1,1,1,0,3,3,3,3,3,3,3,3,4,4,5,8,8,8,8,8,8,8,8,7,7,7,7,7,7,6,9,9,9,9,9,9,9,9,9,9,9,9,9,9,9,9,9,9,9,9,9,9,9,9,9,9,9,9,9,9,9,9,9,9,9,9,9,9,9,9,9,9,6,13,13,12,14,14,14,14,14,14,14,14,14,12,11,11,11,11,11,10,10,5,17,17,17,17,17,17,17,16,16,16,16,16,16,16,16,16,16,16,15,18,18,18,18,18,18,18,18,19,19,20,23,23,23,23,23,23,23,23,22,22,22,22,22,22,21,24,24,24,24,24,24,24,24,24,24,24,24,24,24,24,24,24,24,24,24,24,24,24,24,24,24,24,24,24,24,24,24,24,24,24,24,24,24,24,24,24,24,21,20]
/** Begin file information. **/
[]
/** Begin mapping definitions. **/
["/Users/dturnbull/rails/googlyscript/closure-library/closure/goog/base.js",1355,2]
["/Users/dturnbull/rails/googlyscript/closure-library/closure/goog/base.js",1355,2]
["/Users/dturnbull/rails/googlyscript/scripts/demos/googly.js",8,20,"window"]
["/Users/dturnbull/rails/googlyscript/scripts/demos/googly.js",4,28,"googly.jqueryTest"]
["/Users/dturnbull/rails/googlyscript/scripts/demos/googly.js",4,28,"googly.jqueryTest"]
["/Users/dturnbull/rails/googlyscript/scripts/demos/googly.js",4,31,"googly.jqueryTest"]
["/Users/dturnbull/rails/googlyscript/scripts/demos/googly.js",5,16,"googly.jqueryTest"]
["/Users/dturnbull/rails/googlyscript/scripts/demos/googly.js",5,2,"write"]
["/Users/dturnbull/rails/googlyscript/scripts/demos/googly.js",5,2,"document"]
["/Users/dturnbull/rails/googlyscript/scripts/demos/googly.js",5,17,"googly.jqueryTest"]
["/Users/dturnbull/rails/googlyscript/scripts/demos/googly.js",6,19,"googly.jqueryTest"]
["/Users/dturnbull/rails/googlyscript/scripts/demos/googly.js",6,2,"hide"]
["/Users/dturnbull/rails/googlyscript/scripts/demos/googly.js",6,3,"googly.jqueryTest"]
["/Users/dturnbull/rails/googlyscript/scripts/demos/googly.js",6,2,"$"]
["/Users/dturnbull/rails/googlyscript/scripts/demos/googly.js",6,4,"googly.jqueryTest"]
["/Users/dturnbull/rails/googlyscript/closure-library/closure/goog/base.js",1355,2]
["/Users/dturnbull/rails/googlyscript/closure-library/closure/goog/base.js",1355,2]
["/Users/dturnbull/rails/googlyscript/scripts/demos/googly.js",13,20,"window"]
["/Users/dturnbull/rails/googlyscript/scripts/demos/googly.js",10,28,"googly.simpleTest"]
["/Users/dturnbull/rails/googlyscript/scripts/demos/googly.js",10,28,"googly.simpleTest"]
["/Users/dturnbull/rails/googlyscript/scripts/demos/googly.js",10,31,"googly.simpleTest"]
["/Users/dturnbull/rails/googlyscript/scripts/demos/googly.js",11,16,"googly.simpleTest"]
["/Users/dturnbull/rails/googlyscript/scripts/demos/googly.js",11,2,"write"]
["/Users/dturnbull/rails/googlyscript/scripts/demos/googly.js",11,2,"document"]
["/Users/dturnbull/rails/googlyscript/scripts/demos/googly.js",11,17,"googly.simpleTest"]
