/** Begin line maps. **/{ "file" : "/Users/dturnbull/rails/googlyscript/scripts/scaffold/compiler.map", "count": 1 }
[0,0,0,0,0,0,0,0,1,1,2,3,2,4,7,7,7,7,7,7,7,7,6,6,6,6,6,6,5,8,8,8,8,8,8,8,8,8,8,8,5,9,5,10,10,10,10,10,10,10,5,4,11,11,11,11,12,12,15,15,15,15,15,15,15,14,14,14,14,14,14,13,16,16,16,13,11,17,17,18,18,18,18,20,20,20,22,21,23,21,20,20,24,24,20,19,19,26,25,25,25,25,25,25,25,25,25,25,25,19,19,29,28,28,28,28,28,28,28,28,28,28,28,27,30,30,30,30,30,30,27,32,31,33,31,27,34,34,34,34,34,35,35,35,35,36,34,38,37,37,37,37,37,37,37,34,34,34,39,34,42,41,41,41,41,41,41,40,40,34,34,34,43,43,43,44,46,45,45,45,45,45,45,45,43,43,47,43,43,43,48,48,48,48,48,48,48,48,48,43,51,50,52,50,49,53,43,43,43,43,43,55,55,54,58,57,59,57,56,61,60,62,60,56,64,63,65,63,56,66,66]
/** Begin file information. **/
[]
/** Begin mapping definitions. **/
["/Users/dturnbull/rails/googlyscript/scripts/scaffold/hello.js",3,22,"myapp.hello"]
["/Users/dturnbull/rails/googlyscript/scripts/scaffold/hello.js",3,22,""]
["/Users/dturnbull/rails/googlyscript/scripts/scaffold/hello.js",3,22,"myapp.hello"]
["/Users/dturnbull/rails/googlyscript/scripts/scaffold/hello.js",3,23,"subject"]
["/Users/dturnbull/rails/googlyscript/scripts/scaffold/hello.js",3,32,"myapp.hello"]
["/Users/dturnbull/rails/googlyscript/scripts/scaffold/hello.js",4,16,"myapp.hello"]
["/Users/dturnbull/rails/googlyscript/scripts/scaffold/hello.js",4,2,"write"]
["/Users/dturnbull/rails/googlyscript/scripts/scaffold/hello.js",4,2,"document"]
["/Users/dturnbull/rails/googlyscript/scripts/scaffold/hello.js",4,17,"myapp.hello"]
["/Users/dturnbull/rails/googlyscript/scripts/scaffold/hello.js",4,31,"subject"]
["/Users/dturnbull/rails/googlyscript/scripts/scaffold/hello.js",4,41,"myapp.hello"]
["/Users/dturnbull/rails/googlyscript/closure-library/closure/goog/base.js",159,2]
["/Users/dturnbull/rails/googlyscript/closure-library/closure/goog/base.js",159,6,"parts"]
["/Users/dturnbull/rails/googlyscript/closure-library/closure/goog/base.js",159,24]
["/Users/dturnbull/rails/googlyscript/closure-library/closure/goog/base.js",159,14,"split"]
["/Users/dturnbull/rails/googlyscript/scripts/scaffold/hello.js",7,18,"publicPath"]
["/Users/dturnbull/rails/googlyscript/closure-library/closure/goog/base.js",159,25]
["/Users/dturnbull/rails/googlyscript/closure-library/closure/goog/base.js",160,6,"cur"]
["/Users/dturnbull/rails/googlyscript/closure-library/closure/goog/base.js",45,14,"goog.global"]
["/Users/dturnbull/rails/googlyscript/closure-library/closure/goog/base.js",165,2]
["/Users/dturnbull/rails/googlyscript/closure-library/closure/goog/base.js",165,6]
["/Users/dturnbull/rails/googlyscript/closure-library/closure/goog/base.js",165,8]
["/Users/dturnbull/rails/googlyscript/closure-library/closure/goog/base.js",165,8,"parts"]
["/Users/dturnbull/rails/googlyscript/closure-library/closure/goog/base.js",165,14]
["/Users/dturnbull/rails/googlyscript/closure-library/closure/goog/base.js",165,20,"cur"]
["/Users/dturnbull/rails/googlyscript/closure-library/closure/goog/base.js",165,28,"execScript"]
["/Users/dturnbull/rails/googlyscript/closure-library/closure/goog/base.js",165,28,"cur"]
["/Users/dturnbull/rails/googlyscript/closure-library/closure/goog/base.js",166,18]
["/Users/dturnbull/rails/googlyscript/closure-library/closure/goog/base.js",166,4,"execScript"]
["/Users/dturnbull/rails/googlyscript/closure-library/closure/goog/base.js",166,4,"cur"]
["/Users/dturnbull/rails/googlyscript/closure-library/closure/goog/base.js",166,19]
["/Users/dturnbull/rails/googlyscript/closure-library/closure/goog/base.js",166,28]
["/Users/dturnbull/rails/googlyscript/closure-library/closure/goog/base.js",166,28,"parts"]
["/Users/dturnbull/rails/googlyscript/closure-library/closure/goog/base.js",166,34]
["/Users/dturnbull/rails/googlyscript/closure-library/closure/goog/base.js",175,2]
["/Users/dturnbull/rails/googlyscript/closure-library/closure/goog/base.js",175,7]
["/Users/dturnbull/rails/googlyscript/closure-library/closure/goog/base.js",175,11,"part"]
["/Users/dturnbull/rails/googlyscript/closure-library/closure/goog/base.js",175,17,"length"]
["/Users/dturnbull/rails/googlyscript/closure-library/closure/goog/base.js",175,17,"parts"]
["/Users/dturnbull/rails/googlyscript/closure-library/closure/goog/base.js",175,34,"part"]
["/Users/dturnbull/rails/googlyscript/closure-library/closure/goog/base.js",175,52]
["/Users/dturnbull/rails/googlyscript/closure-library/closure/goog/base.js",175,41,"shift"]
["/Users/dturnbull/rails/googlyscript/closure-library/closure/goog/base.js",175,41,"parts"]
["/Users/dturnbull/rails/googlyscript/closure-library/closure/goog/base.js",176,4]
["/Users/dturnbull/rails/googlyscript/closure-library/closure/goog/base.js",176,8]
["/Users/dturnbull/rails/googlyscript/closure-library/closure/goog/base.js",176,9,"length"]
["/Users/dturnbull/rails/googlyscript/closure-library/closure/goog/base.js",176,9,"parts"]
["/Users/dturnbull/rails/googlyscript/closure-library/closure/goog/base.js",176,36,"opt_object"]
["/Users/dturnbull/rails/googlyscript/closure-library/closure/goog/base.js",730,17,"undefined"]
["/Users/dturnbull/rails/googlyscript/closure-library/closure/goog/base.js",178,6]
["/Users/dturnbull/rails/googlyscript/closure-library/closure/goog/base.js",178,6]
["/Users/dturnbull/rails/googlyscript/closure-library/closure/goog/base.js",178,6,"cur"]
["/Users/dturnbull/rails/googlyscript/closure-library/closure/goog/base.js",178,10,"part"]
["/Users/dturnbull/rails/googlyscript/closure-library/closure/goog/base.js",178,18,"opt_object"]
["/Users/dturnbull/rails/googlyscript/closure-library/closure/goog/base.js",180,10]
["/Users/dturnbull/rails/googlyscript/closure-library/closure/goog/base.js",180,6,"cur"]
["/Users/dturnbull/rails/googlyscript/closure-library/closure/goog/base.js",179,11]
["/Users/dturnbull/rails/googlyscript/closure-library/closure/goog/base.js",179,15]
["/Users/dturnbull/rails/googlyscript/closure-library/closure/goog/base.js",179,15,"cur"]
["/Users/dturnbull/rails/googlyscript/closure-library/closure/goog/base.js",179,19,"part"]
["/Users/dturnbull/rails/googlyscript/closure-library/closure/goog/base.js",180,12]
["/Users/dturnbull/rails/googlyscript/closure-library/closure/goog/base.js",180,12,"cur"]
["/Users/dturnbull/rails/googlyscript/closure-library/closure/goog/base.js",180,16,"part"]
["/Users/dturnbull/rails/googlyscript/closure-library/closure/goog/base.js",182,12]
["/Users/dturnbull/rails/googlyscript/closure-library/closure/goog/base.js",182,12,"cur"]
["/Users/dturnbull/rails/googlyscript/closure-library/closure/goog/base.js",182,16,"part"]
["/Users/dturnbull/rails/googlyscript/closure-library/closure/goog/base.js",182,24]
